Microchip MPLAB XC8 Compiler V2.35

Linker command line:

-W-3 --edf=C:\Program Files\Microchip\xc8\v2.35\pic\dat\en_msgs.txt -cn \
  -h+dist/default/production\LCD_Counter_PIC18f4520.X.production.sym \
  --cmf=dist/default/production\LCD_Counter_PIC18f4520.X.production.cmf -z \
  -Q18F4520 -oC:\Users\Admin\AppData\Local\Temp\xcAse0k.4 \
  --defsym=__MPLAB_BUILD=1 \
  -Mdist/default/production/LCD_Counter_PIC18f4520.X.production.map \
  --md=C:\Users\Admin\AppData\Local\Temp\xcAse0k.dat -E1 -ver=XC8 Compiler \
  --acfsm=1493 -ACODE=00h-07FFFh -ACONST=00h-07FFFh \
  -ASMALLCONST=0600h-06FFhx122 -AMEDIUMCONST=0600h-07FFFh -ACOMRAM=01h-07Fh \
  -AABS1=00h-05FFh -ABIGRAM=01h-05FFh -ARAM=080h-0FFh,0100h-01FFhx5 \
  -ABANK0=080h-0FFh -ABANK1=0100h-01FFh -ABANK2=0200h-02FFh \
  -ABANK3=0300h-03FFh -ABANK4=0400h-04FFh -ABANK5=0500h-05FFh \
  -ASFR=0F80h-0FFFh -ABIGSFR=0F80h-0FFFh -ACONFIG=0300000h-030000Dh \
  -AIDLOC=0200000h-0200007h -AEEDATA=0F00000h-0F000FFh -peeprom_data=EEDATA \
  -preset_vec=00h,intcode,intcodelo,powerup,init -pramtop=0600h \
  -psmallconst=SMALLCONST -pmediumconst=MEDIUMCONST -pconst=CONST \
  -AFARRAM=00h-00h \
  -prdata=COMRAM,nvrram=COMRAM,nvbit=COMRAM,rbss=COMRAM,rbit=COMRAM \
  -pfarbss=FARRAM,fardata=FARRAM,nvFARRAM=FARRAM \
  -pintsave_regs=BIGRAM,bigbss=BIGRAM,bigdata=BIGRAM -pbss=RAM \
  -pidata=CODE,irdata=CODE,ibigdata=CODE,ifardata=CODE -prparam=COMRAM \
  C:\Users\Admin\AppData\Local\Temp\xcAse0k.o \
  dist/default/production\LCD_Counter_PIC18f4520.X.production.o 

Object code version is 3.11

Machine type is 18F4520



                Name                               Link     Load   Length Selector   Space Scale
C:\Users\Admin\AppData\Local\Temp\xcAse0k.o
                idloc                            200000   200000        8        0       5
                config                           300000   300000        E        0       4
                init                                  0        0        4        0       0
dist/default/production\LCD_Counter_PIC18f4520.X.production.o
                idloc                            200000   200000        8        0       5
                config                           300000   300000        E        0       4
                smallconst                          600      600       24      300       0
                text18                             12D8     12D8       1E      312       0
                text17                             12F6     12F6        8      312       0
                text16                             1208     1208       3E      312       0
                text15                             12BA     12BA       1E      312       0
                text14                             1056     1056       7E      312       0
                text13                             127C     127C       20      312       0
                text12                              AB6      AB6      188      312       0
                text11                              C3E      C3E      164      312       0
                text10                             11C8     11C8       40      312       0
                text9                              12FE     12FE        2      312       0
                text8                               ECA      ECA       CA      312       0
                text7                              1184     1184       44      312       0
                text6                              1246     1246       36      312       0
                text5                               F94      F94       C2      312       0
                text4                               624      624      2DE      312       0
                text3                               902      902      1B4      312       0
                text2                              10D4     10D4       62      312       0
                text1                              1136     1136       4E      312       0
                text0                               DA2      DA2      128      312       0
                cstackCOMRAM                          1        1       7A        1       1
                bssBANK0                             80       80       24       80       1
                bssCOMRAM                            7B       7B        4        1       1
                cinit                              129C     129C       1E      312       0

TOTAL           Name                               Link     Load   Length     Space
        CLASS   CODE           
                init                                  0        0        4         0
                text18                             12D8     12D8       1E         0
                text17                             12F6     12F6        8         0
                text16                             1208     1208       3E         0
                text15                             12BA     12BA       1E         0
                text14                             1056     1056       7E         0
                text13                             127C     127C       20         0
                text12                              AB6      AB6      188         0
                text11                              C3E      C3E      164         0
                text10                             11C8     11C8       40         0
                text9                              12FE     12FE        2         0
                text8                               ECA      ECA       CA         0
                text7                              1184     1184       44         0
                text6                              1246     1246       36         0
                text5                               F94      F94       C2         0
                text4                               624      624      2DE         0
                text3                               902      902      1B4         0
                text2                              10D4     10D4       62         0
                text1                              1136     1136       4E         0
                text0                               DA2      DA2      128         0
                cinit                              129C     129C       1E         0

        CLASS   CONST          

        CLASS   SMALLCONST     
                smallconst                          600      600       24         0

        CLASS   MEDIUMCONST    

        CLASS   COMRAM         
                cstackCOMRAM                          1        1       7A         1
                bssCOMRAM                            7B       7B        4         1

        CLASS   ABS1           

        CLASS   BIGRAM         

        CLASS   RAM            

        CLASS   BANK0          
                bssBANK0                             80       80       24         1

        CLASS   BANK1          

        CLASS   BANK2          

        CLASS   BANK3          

        CLASS   BANK4          

        CLASS   BANK5          

        CLASS   SFR            

        CLASS   BIGSFR         

        CLASS   CONFIG         
                config                           300000   300000        E         4

        CLASS   IDLOC          
                idloc                            200000   200000        8         5

        CLASS   EEDATA         

        CLASS   FARRAM         

        CLASS   HEAP           

        CLASS   STACK          



SEGMENTS        Name                           Load    Length   Top    Selector   Space  Class

                reset_vec                      000000  000004  000004         0       0  CODE    
                cstackCOMRAM                   000001  00007E  00007F         1       1  COMRAM  
                bssBANK0                       000080  000024  0000A4        80       1  BANK0   
                smallconst                     000600  000024  000624       300       0  SMALLCON
                text4                          000624  000CDC  001300       312       0  CODE    


UNUSED ADDRESS RANGES

        Name                Unused          Largest block    Delta
        BANK0            0000A4-0000FF               5C
        BANK1            000100-0001FF              100
        BANK2            000200-0002FF              100
        BANK3            000300-0003FF              100
        BANK4            000400-0004FF              100
        BANK5            000500-0005FF              100
        BIGRAM           00007F-00007F                1
                         0000A4-0005FF              55C
        BIGSFR           000F80-000FFF               80
        CODE             000004-0005FF              5FC
                         001300-007FFF             6D00
        COMRAM           00007F-00007F                1
        CONST            000004-0005FF              5FC
                         001300-007FFF             6D00
        EEDATA           F00000-F000FF              100
        MEDIUMCONST      001300-007FFF             6D00
        RAM              0000A4-0005FF              100
        SFR              000F80-000FFF               80
        SMALLCONST       001300-007FFF              100

                                  Symbol Table

?___aodiv                 cstackCOMRAM 000001
?___aomod                 cstackCOMRAM 000001
?_abs                     cstackCOMRAM 000013
?_dtoa                    cstackCOMRAM 00001C
?_pad                     cstackCOMRAM 000011
?_sprintf                 cstackCOMRAM 000058
?_strlen                  cstackCOMRAM 000001
?_vfpfcnvrt               cstackCOMRAM 000040
?_vfprintf                cstackCOMRAM 000050
LCD_Set_Cursor@Temp       cstackCOMRAM 000005
LCD_Set_Cursor@c          cstackCOMRAM 000003
LCD_Set_Cursor@r          cstackCOMRAM 000004
LCD_Write_String@i        cstackCOMRAM 000007
LCD_Write_String@str      cstackCOMRAM 000003
_LATA                     (abs)        000F89
_LATAbits                 (abs)        000F89
_LATB                     (abs)        000F8A
_LATD                     (abs)        000F8C
_LATDbits                 (abs)        000F8C
_LCD_Clear                text17       0012F6
_LCD_Set_Cursor           text16       001208
_LCD_Write_String         text14       001056
_OSCCON                   (abs)        000FD3
_TRISA                    (abs)        000F92
_TRISB                    (abs)        000F93
_TRISC                    (abs)        000F94
_TRISD                    (abs)        000F95
__HRAM                    (abs)        000000
__Habs1                   abs1         000000
__Hbank0                  bank0        000000
__Hbank1                  bank1        000000
__Hbank2                  bank2        000000
__Hbank3                  bank3        000000
__Hbank4                  bank4        000000
__Hbank5                  bank5        000000
__Hbigbss                 bigbss       000000
__Hbigdata                bigdata      000000
__Hbigram                 bigram       000000
__Hbigsfr                 bigsfr       000000
__Hbss                    bss          000000
__HbssBANK0               bssBANK0     000000
__HbssCOMRAM              bssCOMRAM    000000
__Hcinit                  cinit        000000
__Hclrtext                clrtext      000000
__Hcomram                 comram       000000
__Hconfig                 config       30000E
__Hconst                  const        000000
__HcstackCOMRAM           cstackCOMRAM 000000
__Hdata                   data         000000
__Heeprom_data            eeprom_data  000000
__Hfarbss                 farbss       000000
__Hfardata                fardata      000000
__Hheap                   heap         000000
__Hibigdata               ibigdata     000000
__Hidata                  idata        000000
__Hidloc                  idloc        200008
__Hifardata               ifardata     000000
__Hinit                   init         000004
__Hintcode                intcode      000000
__Hintcode_body           intcode_body 000000
__Hintcodelo              intcodelo    000000
__Hintentry               intentry     000000
__Hintret                 intret       000000
__Hintsave_regs           intsave_regs 000000
__Hirdata                 irdata       000000
__Hmediumconst            mediumconst  000000
__HnvFARRAM               nvFARRAM     000000
__Hnvbit                  nvbit        000000
__Hnvrram                 nvrram       000000
__Hparam                  rparam       000000
__Hpowerup                powerup      000000
__Hram                    ram          000000
__Hramtop                 ramtop       000600
__Hrbit                   rbit         000000
__Hrbss                   rbss         000000
__Hrdata                  rdata        000000
__Hreset_vec              reset_vec    000000
__Hrparam                 rparam       000000
__Hsfr                    sfr          000000
__Hsmallconst             smallconst   000624
__Hspace_0                (abs)        001300
__Hspace_1                (abs)        0000A4
__Hspace_2                (abs)        000000
__Hspace_4                (abs)        60000E
__Hstack                  stack        000000
__Hstruct                 struct       000000
__Htemp                   temp         000000
__Htext                   text         000000
__Htext0                  text0        000000
__Htext1                  text1        000000
__Htext10                 text10       000000
__Htext11                 text11       000000
__Htext12                 text12       000000
__Htext13                 text13       000000
__Htext14                 text14       000000
__Htext15                 text15       000000
__Htext16                 text16       000000
__Htext17                 text17       000000
__Htext18                 text18       000000
__Htext2                  text2        000000
__Htext3                  text3        000000
__Htext4                  text4        000000
__Htext5                  text5        000000
__Htext6                  text6        000000
__Htext7                  text7        000000
__Htext8                  text8        000000
__Htext9                  text9        000000
__LRAM                    (abs)        000001
__Labs1                   abs1         000000
__Lbank0                  bank0        000000
__Lbank1                  bank1        000000
__Lbank2                  bank2        000000
__Lbank3                  bank3        000000
__Lbank4                  bank4        000000
__Lbank5                  bank5        000000
__Lbigbss                 bigbss       000000
__Lbigdata                bigdata      000000
__Lbigram                 bigram       000000
__Lbigsfr                 bigsfr       000000
__Lbss                    bss          000000
__LbssBANK0               bssBANK0     000000
__LbssCOMRAM              bssCOMRAM    000000
__Lcinit                  cinit        000000
__Lclrtext                clrtext      000000
__Lcomram                 comram       000000
__Lconfig                 config       000000
__Lconst                  const        000000
__LcstackCOMRAM           cstackCOMRAM 000000
__Ldata                   data         000000
__Leeprom_data            eeprom_data  000000
__Lfarbss                 farbss       000000
__Lfardata                fardata      000000
__Lheap                   heap         000000
__Libigdata               ibigdata     000000
__Lidata                  idata        000000
__Lidloc                  idloc        000000
__Lifardata               ifardata     000000
__Linit                   init         000000
__Lintcode                intcode      000000
__Lintcode_body           intcode_body 000000
__Lintcodelo              intcodelo    000000
__Lintentry               intentry     000000
__Lintret                 intret       000000
__Lintsave_regs           intsave_regs 000000
__Lirdata                 irdata       000000
__Lmediumconst            mediumconst  000000
__LnvFARRAM               nvFARRAM     000000
__Lnvbit                  nvbit        000000
__Lnvrram                 nvrram       000000
__Lparam                  rparam       000000
__Lpowerup                powerup      000000
__Lram                    ram          000000
__Lramtop                 ramtop       000600
__Lrbit                   rbit         000000
__Lrbss                   rbss         000000
__Lrdata                  rdata        000000
__Lreset_vec              reset_vec    000000
__Lrparam                 rparam       000000
__Lsfr                    sfr          000000
__Lsmallconst             smallconst   000600
__Lspace_0                (abs)        000000
__Lspace_1                (abs)        000000
__Lspace_2                (abs)        000000
__Lspace_4                (abs)        000000
__Lstack                  stack        000000
__Lstruct                 struct       000000
__Ltemp                   temp         000000
__Ltext                   text         000000
__Ltext0                  text0        000000
__Ltext1                  text1        000000
__Ltext10                 text10       000000
__Ltext11                 text11       000000
__Ltext12                 text12       000000
__Ltext13                 text13       000000
__Ltext14                 text14       000000
__Ltext15                 text15       000000
__Ltext16                 text16       000000
__Ltext17                 text17       000000
__Ltext18                 text18       000000
__Ltext2                  text2        000000
__Ltext3                  text3        000000
__Ltext4                  text4        000000
__Ltext5                  text5        000000
__Ltext6                  text6        000000
__Ltext7                  text7        000000
__Ltext8                  text8        000000
__Ltext9                  text9        000000
__S0                      (abs)        001300
__S1                      (abs)        0000A4
__S4                      (abs)        000000
__S5                      (abs)        000000
___aodiv                  text12       000AB6
___aodiv@counter          cstackCOMRAM 000011
___aodiv@dividend         cstackCOMRAM 000001
___aodiv@divisor          cstackCOMRAM 000009
___aodiv@quotient         cstackCOMRAM 000013
___aodiv@sign             cstackCOMRAM 000012
___aomod                  text11       000C3E
___aomod@counter          cstackCOMRAM 000011
___aomod@dividend         cstackCOMRAM 000001
___aomod@divisor          cstackCOMRAM 000009
___aomod@sign             cstackCOMRAM 000012
___heap_hi                (abs)        000000
___heap_lo                (abs)        000000
___inthi_sp               stack        000000
___intlo_sp               stack        000000
___param_bank             (abs)        000000
___rparam_used            (abs)        000001
___sp                     stack        000000
__accesstop               (abs)        000080
__activetblptr            (abs)        000002
__end_of_LCD_Clear        text17       0012FE
__end_of_LCD_Set_Cursor   text16       001246
__end_of_LCD_Write_String text14       0010D4
__end_of___aodiv          text12       000C3E
__end_of___aomod          text11       000DA2
__end_of__initialization  cinit        0012B0
__end_of_abs              text10       001208
__end_of_dtoa             text4        000902
__end_of_fputc            text8        000F94
__end_of_fputs            text7        0011C8
__end_of_lcd_ini          text13       00129C
__end_of_lcdcmd           text18       0012F6
__end_of_lcddata          text15       0012D8
__end_of_main             text0        000ECA
__end_of_pad              text5        001056
__end_of_putch            text9        001300
__end_of_sprintf          text1        001184
__end_of_strlen           text6        00127C
__end_of_vfpfcnvrt        text3        000AB6
__end_of_vfprintf         text2        001136
__initialization          cinit        00129C
__mediumconst             mediumconst  000000
__pbssBANK0               bssBANK0     000080
__pbssCOMRAM              bssCOMRAM    00007B
__pcinit                  cinit        00129C
__pcstackCOMRAM           cstackCOMRAM 000001
__psmallconst             smallconst   000600
__ptext0                  text0        000DA2
__ptext1                  text1        001136
__ptext10                 text10       0011C8
__ptext11                 text11       000C3E
__ptext12                 text12       000AB6
__ptext13                 text13       00127C
__ptext14                 text14       001056
__ptext15                 text15       0012BA
__ptext16                 text16       001208
__ptext17                 text17       0012F6
__ptext18                 text18       0012D8
__ptext2                  text2        0010D4
__ptext3                  text3        000902
__ptext4                  text4        000624
__ptext5                  text5        000F94
__ptext6                  text6        001246
__ptext7                  text7        001184
__ptext8                  text8        000ECA
__ptext9                  text9        0012FE
__ramtop                  ramtop       000600
__smallconst              smallconst   000600
_abs                      text10       0011C8
_dbuf                     bssBANK0     000084
_dtoa                     text4        000624
_dtoa$708                 cstackCOMRAM 00002E
_flags                    bssCOMRAM    00007D
_fputc                    text8        000ECA
_fputs                    text7        001184
_lcd_ini                  text13       00127C
_lcdcmd                   text18       0012D8
_lcddata                  text15       0012BA
_main                     text0        000DA2
_nout                     bssBANK0     000080
_pad                      text5        000F94
_prec                     bssCOMRAM    00007B
_putch                    text9        0012FE
_sprintf                  text1        001136
_strlen                   text6        001246
_vfpfcnvrt                text3        000902
_vfprintf                 text2        0010D4
_width                    bssBANK0     000082
abs@a                     cstackCOMRAM 000013
dtoa@d                    cstackCOMRAM 00001E
dtoa@fp                   cstackCOMRAM 00001C
dtoa@i                    cstackCOMRAM 00003E
dtoa@n                    cstackCOMRAM 000036
dtoa@p                    cstackCOMRAM 000030
dtoa@s                    cstackCOMRAM 000034
dtoa@w                    cstackCOMRAM 000032
end_of_initialization     cinit        0012B0
fputc@c                   cstackCOMRAM 000001
fputc@fp                  cstackCOMRAM 000003
fputs@c                   cstackCOMRAM 00000E
fputs@fp                  cstackCOMRAM 00000C
fputs@i                   cstackCOMRAM 00000F
fputs@s                   cstackCOMRAM 00000A
intlevel0                 text         000000
intlevel1                 text         000000
intlevel2                 text         000000
intlevel3                 text         000000
isa$std                   (abs)        000001
isa$xinst                 (abs)        000000
lcdcmd@cmdout             cstackCOMRAM 000002
lcddata@dataout           cstackCOMRAM 000002
main@DispCount            cstackCOMRAM 000079
main@buffer               cstackCOMRAM 00006D
main@count                cstackCOMRAM 000077
pad@buf                   cstackCOMRAM 000013
pad@fp                    cstackCOMRAM 000011
pad@i                     cstackCOMRAM 000018
pad@p                     cstackCOMRAM 000015
pad@w                     cstackCOMRAM 00001A
sprintf@ap                cstackCOMRAM 00005E
sprintf@f                 cstackCOMRAM 000060
sprintf@fmt               cstackCOMRAM 00005A
sprintf@s                 cstackCOMRAM 000058
stackhi                   (abs)        000000
stacklo                   (abs)        000000
start                     init         000000
start_initialization      cinit        00129C
strlen@a                  cstackCOMRAM 000003
strlen@s                  cstackCOMRAM 000001
vfpfcnvrt@ap              cstackCOMRAM 000044
vfpfcnvrt@fmt             cstackCOMRAM 000042
vfpfcnvrt@fp              cstackCOMRAM 000040
vfpfcnvrt@ll              cstackCOMRAM 000048
vfprintf@ap               cstackCOMRAM 000054
vfprintf@cfmt             cstackCOMRAM 000056
vfprintf@fmt              cstackCOMRAM 000052
vfprintf@fp               cstackCOMRAM 000050


MODULE INFORMATION

Module		Function		Class		Link	Load	Size
C:\Program Files\Microchip\xc8\v2.35\pic\sources\c99\common\putch.c
		_putch         		CODE           	12FE	0000	2

C:\Program Files\Microchip\xc8\v2.35\pic\sources\c99\common\putch.c estimated size: 2

C:\Program Files\Microchip\xc8\v2.35\pic\sources\c99\common\aodiv.c
		___aodiv       		CODE           	0AB6	0000	392

C:\Program Files\Microchip\xc8\v2.35\pic\sources\c99\common\aodiv.c estimated size: 392

C:\Program Files\Microchip\xc8\v2.35\pic\sources\c99\common\nf_sprintf.c
		_sprintf       		CODE           	1136	0000	78

C:\Program Files\Microchip\xc8\v2.35\pic\sources\c99\common\nf_sprintf.c estimated size: 78

C:\Program Files\Microchip\xc8\v2.35\pic\sources\c99\common\nf_fputc.c
		_fputc         		CODE           	0ECA	0000	202

C:\Program Files\Microchip\xc8\v2.35\pic\sources\c99\common\nf_fputc.c estimated size: 202

newmain.c
		_main          		CODE           	0DA2	0000	296
		_lcdcmd        		CODE           	12D8	0000	30
		_LCD_Set_Cursor		CODE           	1208	0000	62
		_lcddata       		CODE           	12BA	0000	30
		_LCD_Clear     		CODE           	12F6	0000	8
		_lcd_ini       		CODE           	127C	0000	32
		_LCD_Write_String		CODE           	1056	0000	126

newmain.c estimated size: 584

C:\Program Files\Microchip\xc8\v2.35\pic\sources\c99\common\abs.c
		_abs           		CODE           	11C8	0000	64

C:\Program Files\Microchip\xc8\v2.35\pic\sources\c99\common\abs.c estimated size: 64

shared
		__initialization		CODE           	129C	0000	20

shared estimated size: 20

C:\Program Files\Microchip\xc8\v2.35\pic\sources\c99\common\strlen.c
		_strlen        		CODE           	1246	0000	54

C:\Program Files\Microchip\xc8\v2.35\pic\sources\c99\common\strlen.c estimated size: 54

C:\Program Files\Microchip\xc8\v2.35\pic\sources\c99\common\aomod.c
		___aomod       		CODE           	0C3E	0000	356

C:\Program Files\Microchip\xc8\v2.35\pic\sources\c99\common\aomod.c estimated size: 356

C:\Program Files\Microchip\xc8\v2.35\pic\sources\c99\common\nf_fputs.c
		_fputs         		CODE           	1184	0000	68

C:\Program Files\Microchip\xc8\v2.35\pic\sources\c99\common\nf_fputs.c estimated size: 68

C:\Program Files\Microchip\xc8\v2.35\pic\sources\c99\common\doprnt.c
		_vfpfcnvrt     		CODE           	0902	0000	436
		_pad           		CODE           	0F94	0000	194
		_dtoa          		CODE           	0624	0000	734
		_vfprintf      		CODE           	10D4	0000	98

C:\Program Files\Microchip\xc8\v2.35\pic\sources\c99\common\doprnt.c estimated size: 1462

